Git is a distributed version control system.
Git is free software distributed under the GPL.
Git has a mutable index called stage.
Git tracks changes of files.

初始化一个Git仓库，使用git init命令。

添加文件到Git仓库，分两步：
使用命令git add <file>，注意，可反复多次使用，添加多个文件；
使用命令git commit -m <message>，完成。


现在，运行git status命令看看结果：

已经记不清上次怎么修改的readme.txt，所以，需要用git diff这个命令看看：


提交修改和提交新文件是一样的两步，第一步是git add：

$ git add readme.txt
同样没有任何输出。在执行第二步git commit之前，我们再运行git status看看当前仓库的状态：

$ git commit -m "add distributed"

保存一个快照

HEAD指向的版本就是当前版本，因此，Git允许我们在版本的历史之间穿梭，使用命令git reset --hard commit_id。

穿梭前，用git log可以查看提交历史，以便确定要回退到哪个版本。

要重返未来，用git reflog查看命令历史，以便确定要回到未来的哪个版本。


管理修改

现在，假定你已经完全掌握了暂存区的概念。下面，我们要讨论的就是，为什么Git比其他版本控制系统设计得优秀，因为Git跟踪并管理的是修改，而非文件。

你会问，什么是修改？比如你新增了一行，这就是一个修改，删除了一行，也是一个修改，更改了某些字符，也是一个修改，删了一些又加了一些，也是一个修改，甚至创建一个新文件，也算一个修改。

撤销修改

场景1：当你改乱了工作区某个文件的内容，想直接丢弃工作区的修改时，用命令git checkout -- file。

场景2：当你不但改乱了工作区某个文件的内容，还添加到了暂存区时，想丢弃修改，分两步，第一步用命令git reset HEAD <file>，就回到了场景1，第二步按场景1操作。

场景3：已经提交了不合适的修改到版本库时，想要撤销本次提交，参考版本回退一节，不过前提是没有推送到远程库。
git reset --hard commit_id


删除文件
一般情况下，你通常直接在文件管理器中把没用的文件删了，或者用rm命令删了：

$ rm test.txt
这个时候，Git知道你删除了文件，因此，工作区和版本库就不一致了，git status命令会立刻告诉你哪些文件被删除了：

$ git status
On branch master
Changes not staged for commit:
  (use "git add/rm <file>..." to update what will be committed)
  (use "git checkout -- <file>..." to discard changes in working directory)

	deleted:    test.txt

no changes added to commit (use "git add" and/or "git commit -a")
现在你有两个选择，一是确实要从版本库中删除该文件，那就用命令git rm删掉，并且git commit：

$ git rm test.txt
$ git commit -m "add test.txt"


远程仓库


由于你的本地Git仓库和GitHub仓库之间的传输是通过SSH加密的，所以，需要一点设置：

第1步：创建SSH Key。在用户主目录下，看看有没有.ssh目录，如果有，再看看这个目录下有没有id_rsa和id_rsa.pub这两个文件，如果已经有了，可直接跳到下一步。如果没有，打开Shell（Windows下打开Git Bash），创建SSH Key：

$ ssh-keygen -t rsa -C "youremail@example.com"


第2步：登陆GitHub，打开“Account settings”，“SSH Keys”页面：

然后，点“Add SSH Key”，填上任意Title，在Key文本框里粘贴id_rsa.pub文件的内容：


为什么GitHub需要SSH Key呢？因为GitHub需要识别出你推送的提交确实是你推送的，而不是别人冒充的，而Git支持SSH协议，所以，GitHub只要知道了你的公钥，就可以确认只有你自己才能推送。


添加远程库

首先，登陆GitHub，然后，在右上角找到“Create a new repo”按钮，创建一个新的仓库：

在Repository name填入learngit，其他保持默认设置，点击“Create repository”按钮，就成功地创建了一个新的Git仓库：

目前，在GitHub上的这个learngit仓库还是空的，GitHub告诉我们，可以从这个仓库克隆出新的仓库，也可以把一个已有的本地仓库与之关联，然后，把本地仓库的内容推送到GitHub仓库。

现在，我们根据GitHub的提示，在本地的learngit仓库下运行命令：

$ git remote add origin git@github.com:michaelliao/learngit.git
把上面的michaelliao替换成你自己的GitHub账户名


下一步，就可以把本地库的所有内容推送到远程库上：
$ git push -u origin master

把本地库的内容推送到远程，用git push命令，实际上是把当前分支master推送到远程。
由于远程库是空的，我们第一次推送master分支时，加上了-u参数，Git不但会把本地的master分支内容推送的远程新的master分支，还会把本地的master分支和远程的master分支关联起来，在以后的推送或者拉取时就可以简化命令。

推送成功后，可以立刻在GitHub页面中看到远程库的内容已经和本地一模一样。

从现在起，只要本地作了提交，就可以通过命令：
$ git push origin master

把本地master分支的最新修改推送至GitHub，现在，你就拥有了真正的分布式版本库！

小结
要关联一个远程库，使用命令git remote add origin git@server-name:path/repo-name.git；

关联后，使用命令git push -u origin master第一次推送master分支的所有内容；

此后，每次本地提交后，只要有必要，就可以使用命令git push origin master推送最新修改；